
  .   ____          _            __ _ _
 /\\ / ___'_ __ _ _(_)_ __  __ _ \ \ \ \
( ( )\___ | '_ | '_| | '_ \/ _` | \ \ \ \
 \\/  ___)| |_)| | | | | || (_| |  ) ) ) )
  '  |____| .__|_| |_|_| |_\__, | / / / /
 =========|_|==============|___/=/_/_/_/

 :: Spring Boot ::                (v3.5.7)

2026-05-03T15:56:00.355+05:30  INFO 16988 --- [Linko] [           main] com.Linko.LinkoApplication               : Starting LinkoApplication v0.0.1-SNAPSHOT using Java 21.0.9 with PID 16988 (F:\code\NewProjects\spring-boot\Linko\Linko.jar started by satyam sharma in F:\code\NewProjects\spring-boot\Linko)
2026-05-03T15:56:00.361+05:30  INFO 16988 --- [Linko] [           main] com.Linko.LinkoApplication               : The following 1 profile is active: "dev"
2026-05-03T15:56:03.463+05:30  INFO 16988 --- [Linko] [           main] .s.d.r.c.RepositoryConfigurationDelegate : Bootstrapping Spring Data JPA repositories in DEFAULT mode.
2026-05-03T15:56:03.653+05:30  INFO 16988 --- [Linko] [           main] .s.d.r.c.RepositoryConfigurationDelegate : Finished Spring Data repository scanning in 160 ms. Found 3 JPA repository interfaces.
2026-05-03T15:56:05.352+05:30  INFO 16988 --- [Linko] [           main] o.s.b.w.embedded.tomcat.TomcatWebServer  : Tomcat initialized with port 8080 (http)
2026-05-03T15:56:05.396+05:30  INFO 16988 --- [Linko] [           main] o.apache.catalina.core.StandardService   : Starting service [Tomcat]
2026-05-03T15:56:05.396+05:30  INFO 16988 --- [Linko] [           main] o.apache.catalina.core.StandardEngine    : Starting Servlet engine: [Apache Tomcat/10.1.48]
2026-05-03T15:56:05.498+05:30  INFO 16988 --- [Linko] [           main] o.a.c.c.C.[Tomcat].[localhost].[/]       : Initializing Spring embedded WebApplicationContext
2026-05-03T15:56:05.501+05:30  INFO 16988 --- [Linko] [           main] w.s.c.ServletWebServerApplicationContext : Root WebApplicationContext: initialization completed in 5013 ms
2026-05-03T15:56:06.312+05:30  INFO 16988 --- [Linko] [           main] o.hibernate.jpa.internal.util.LogHelper  : HHH000204: Processing PersistenceUnitInfo [name: default]
2026-05-03T15:56:06.521+05:30  INFO 16988 --- [Linko] [           main] org.hibernate.Version                    : HHH000412: Hibernate ORM core version 6.6.33.Final
2026-05-03T15:56:06.634+05:30  INFO 16988 --- [Linko] [           main] o.h.c.internal.RegionFactoryInitiator    : HHH000026: Second-level cache disabled
2026-05-03T15:56:07.580+05:30  INFO 16988 --- [Linko] [           main] o.s.o.j.p.SpringPersistenceUnitInfo      : No LoadTimeWeaver setup: ignoring JPA class transformer
2026-05-03T15:56:07.683+05:30  INFO 16988 --- [Linko] [           main] com.zaxxer.hikari.HikariDataSource       : HikariPool-1 - Starting...
2026-05-03T15:56:08.419+05:30  INFO 16988 --- [Linko] [           main] com.zaxxer.hikari.pool.HikariPool        : HikariPool-1 - Added connection com.mysql.cj.jdbc.ConnectionImpl@624d778e
2026-05-03T15:56:08.423+05:30  INFO 16988 --- [Linko] [           main] com.zaxxer.hikari.HikariDataSource       : HikariPool-1 - Start completed.
2026-05-03T15:56:08.671+05:30  WARN 16988 --- [Linko] [           main] org.hibernate.orm.deprecation            : HHH90000025: MySQLDialect does not need to be specified explicitly using 'hibernate.dialect' (remove the property setting and it will be selected by default)
2026-05-03T15:56:08.725+05:30  INFO 16988 --- [Linko] [           main] org.hibernate.orm.connections.pooling    : HHH10001005: Database info:
	Database JDBC URL [Connecting through datasource 'HikariDataSource (HikariPool-1)']
	Database driver: undefined/unknown
	Database version: 8.0.44
	Autocommit mode: undefined/unknown
	Isolation level: undefined/unknown
	Minimum pool size: undefined/unknown
	Maximum pool size: undefined/unknown
2026-05-03T15:56:11.744+05:30  INFO 16988 --- [Linko] [           main] o.h.e.t.j.p.i.JtaPlatformInitiator       : HHH000489: No JTA platform available (set 'hibernate.transaction.jta.platform' to enable JTA platform integration)
2026-05-03T15:56:12.180+05:30  INFO 16988 --- [Linko] [           main] j.LocalContainerEntityManagerFactoryBean : Initialized JPA EntityManagerFactory for persistence unit 'default'
2026-05-03T15:56:13.313+05:30  INFO 16988 --- [Linko] [           main] o.s.d.j.r.query.QueryEnhancerFactory     : Hibernate is in classpath; If applicable, HQL parser will be used.
2026-05-03T15:56:15.384+05:30  WARN 16988 --- [Linko] [           main] JpaBaseConfiguration$JpaWebConfiguration : spring.jpa.open-in-view is enabled by default. Therefore, database queries may be performed during view rendering. Explicitly configure spring.jpa.open-in-view to disable this warning
2026-05-03T15:56:15.717+05:30  INFO 16988 --- [Linko] [           main] r$InitializeUserDetailsManagerConfigurer : Global AuthenticationManager configured with UserDetailsService bean with name customUserDetailService
2026-05-03T15:56:16.812+05:30  INFO 16988 --- [Linko] [           main] o.s.b.a.e.web.EndpointLinksResolver      : Exposing 1 endpoint beneath base path '/actuator'
2026-05-03T15:56:18.379+05:30  INFO 16988 --- [Linko] [           main] o.s.b.w.embedded.tomcat.TomcatWebServer  : Tomcat started on port 8080 (http) with context path '/'
2026-05-03T15:56:18.414+05:30  INFO 16988 --- [Linko] [           main] com.Linko.LinkoApplication               : Started LinkoApplication in 19.377 seconds (process running for 20.866)
2026-05-03T15:56:18.758+05:30  INFO 16988 --- [Linko] [nio-8080-exec-1] o.a.c.c.C.[Tomcat].[localhost].[/]       : Initializing Spring DispatcherServlet 'dispatcherServlet'
2026-05-03T15:56:18.758+05:30  INFO 16988 --- [Linko] [nio-8080-exec-1] o.s.web.servlet.DispatcherServlet        : Initializing Servlet 'dispatcherServlet'
2026-05-03T15:56:18.764+05:30  INFO 16988 --- [Linko] [nio-8080-exec-1] o.s.web.servlet.DispatcherServlet        : Completed initialization in 6 ms
2026-05-03T15:56:50.950+05:30  INFO 16988 --- [Linko] [nio-8080-exec-8] com.Linko.handler.OAuth2SuccessHandler   : OAuth2SuccesHandler
2026-05-03T15:56:50.950+05:30  INFO 16988 --- [Linko] [nio-8080-exec-8] com.Linko.handler.OAuth2SuccessHandler   : ClientRegitrationId: google
2026-05-03T15:56:50.950+05:30  INFO 16988 --- [Linko] [nio-8080-exec-8] com.Linko.handler.OAuth2SuccessHandler   : sub : 103087740338757668539
2026-05-03T15:56:50.950+05:30  INFO 16988 --- [Linko] [nio-8080-exec-8] com.Linko.handler.OAuth2SuccessHandler   : name : Satyam Sharma
2026-05-03T15:56:50.950+05:30  INFO 16988 --- [Linko] [nio-8080-exec-8] com.Linko.handler.OAuth2SuccessHandler   : given_name : Satyam
2026-05-03T15:56:50.950+05:30  INFO 16988 --- [Linko] [nio-8080-exec-8] com.Linko.handler.OAuth2SuccessHandler   : family_name : Sharma
2026-05-03T15:56:50.950+05:30  INFO 16988 --- [Linko] [nio-8080-exec-8] com.Linko.handler.OAuth2SuccessHandler   : picture : https://lh3.googleusercontent.com/a/ACg8ocKXh3f_faiF5RxeXtRS5n7iucjTmezGfR6dH1Ux9IMBWAxbUH4=s96-c
2026-05-03T15:56:50.950+05:30  INFO 16988 --- [Linko] [nio-8080-exec-8] com.Linko.handler.OAuth2SuccessHandler   : email : satyamsharma061706@gmail.com
2026-05-03T15:56:50.950+05:30  INFO 16988 --- [Linko] [nio-8080-exec-8] com.Linko.handler.OAuth2SuccessHandler   : email_verified : true
Hibernate: 
    select
        u1_0.id,
        u1_0.about,
        u1_0.address,
        u1_0.cloudinary_image_public_id,
        u1_0.email,
        u1_0.email_token,
        u1_0.email_verified,
        u1_0.enabled,
        u1_0.user_name,
        u1_0.password,
        u1_0.phone_number,
        u1_0.phone_verified,
        u1_0.profile_picture,
        u1_0.provider,
        u1_0.provider_user_id 
    from
        users u1_0 
    where
        u1_0.email=?
Hibernate: 
    select
        r1_0.user_id,
        r1_0.roles 
    from
        user_roles r1_0 
    where
        r1_0.user_id=?
Verified by Google
2026-05-03T15:56:51.559+05:30  INFO 16988 --- [Linko] [nio-8080-exec-1] c.L.controllers.RootControllerAdvice     : loggedin username: satyamsharma061706@gmail.com
Hibernate: 
    select
        u1_0.id,
        u1_0.about,
        u1_0.address,
        u1_0.cloudinary_image_public_id,
        u1_0.email,
        u1_0.email_token,
        u1_0.email_verified,
        u1_0.enabled,
        u1_0.user_name,
        u1_0.password,
        u1_0.phone_number,
        u1_0.phone_verified,
        u1_0.profile_picture,
        u1_0.provider,
        u1_0.provider_user_id 
    from
        users u1_0 
    where
        u1_0.email=?
Hibernate: 
    select
        r1_0.user_id,
        r1_0.roles 
    from
        user_roles r1_0 
    where
        r1_0.user_id=?
Hibernate: 
    select
        c1_0.user_id,
        c1_0.id,
        c1_0.address,
        c1_0.cloudinary_image_public_id,
        c1_0.description,
        c1_0.email,
        c1_0.favorite,
        c1_0.linked_in_link,
        c1_0.name,
        c1_0.phone_number,
        c1_0.picture,
        c1_0.website_link 
    from
        contact c1_0 
    where
        c1_0.user_id=?
Hibernate: 
    select
        l1_0.contact_id,
        l1_0.id,
        l1_0.link,
        l1_0.link_type 
    from
        socail_link l1_0 
    where
        l1_0.contact_id=?
Hibernate: 
    select
        l1_0.contact_id,
        l1_0.id,
        l1_0.link,
        l1_0.link_type 
    from
        socail_link l1_0 
    where
        l1_0.contact_id=?
Hibernate: 
    select
        oe1_0.user_id,
        oe1_0.id,
        oe1_0.email_content,
        oe1_0.created_at,
        oe1_0.email_from,
        oe1_0.user_name,
        oe1_0.picture,
        oe1_0.email_subject,
        oe1_0.email_to 
    from
        email oe1_0 
    where
        oe1_0.user_id=?
User(id=1, name=Satyam Sharma, email=satyamsharma061706@gmail.com, password=password, about=This account is created using google..., profilePicture=https://lh3.googleusercontent.com/a/ACg8ocKXh3f_faiF5RxeXtRS5n7iucjTmezGfR6dH1Ux9IMBWAxbUH4=s96-c, phoneNumber=6263037167, address=

bhopal, cloudinaryImagePublicId=null, enabled=true, emailVerified=true, phoneVerified=false, provider=GOOGLE, providerUserId=Satyam Sharma, contacts=[com.Linko.entities.Contact@3e67b091, com.Linko.entities.Contact@5512d5f2], outboxEmails=[com.Linko.entities.Email@33cf1c42], roles=[ROLE_USER], emailToken=null)
Verified by Google
2026-05-03T15:57:01.810+05:30  INFO 16988 --- [Linko] [nio-8080-exec-9] c.L.controllers.RootControllerAdvice     : loggedin username: satyamsharma061706@gmail.com
Hibernate: 
    select
        u1_0.id,
        u1_0.about,
        u1_0.address,
        u1_0.cloudinary_image_public_id,
        u1_0.email,
        u1_0.email_token,
        u1_0.email_verified,
        u1_0.enabled,
        u1_0.user_name,
        u1_0.password,
        u1_0.phone_number,
        u1_0.phone_verified,
        u1_0.profile_picture,
        u1_0.provider,
        u1_0.provider_user_id 
    from
        users u1_0 
    where
        u1_0.email=?
Hibernate: 
    select
        r1_0.user_id,
        r1_0.roles 
    from
        user_roles r1_0 
    where
        r1_0.user_id=?
Hibernate: 
    select
        c1_0.user_id,
        c1_0.id,
        c1_0.address,
        c1_0.cloudinary_image_public_id,
        c1_0.description,
        c1_0.email,
        c1_0.favorite,
        c1_0.linked_in_link,
        c1_0.name,
        c1_0.phone_number,
        c1_0.picture,
        c1_0.website_link 
    from
        contact c1_0 
    where
        c1_0.user_id=?
Hibernate: 
    select
        l1_0.contact_id,
        l1_0.id,
        l1_0.link,
        l1_0.link_type 
    from
        socail_link l1_0 
    where
        l1_0.contact_id=?
Hibernate: 
    select
        l1_0.contact_id,
        l1_0.id,
        l1_0.link,
        l1_0.link_type 
    from
        socail_link l1_0 
    where
        l1_0.contact_id=?
Hibernate: 
    select
        oe1_0.user_id,
        oe1_0.id,
        oe1_0.email_content,
        oe1_0.created_at,
        oe1_0.email_from,
        oe1_0.user_name,
        oe1_0.picture,
        oe1_0.email_subject,
        oe1_0.email_to 
    from
        email oe1_0 
    where
        oe1_0.user_id=?
User(id=1, name=Satyam Sharma, email=satyamsharma061706@gmail.com, password=password, about=This account is created using google..., profilePicture=https://lh3.googleusercontent.com/a/ACg8ocKXh3f_faiF5RxeXtRS5n7iucjTmezGfR6dH1Ux9IMBWAxbUH4=s96-c, phoneNumber=6263037167, address=

bhopal, cloudinaryImagePublicId=null, enabled=true, emailVerified=true, phoneVerified=false, provider=GOOGLE, providerUserId=Satyam Sharma, contacts=[com.Linko.entities.Contact@56da9c4, com.Linko.entities.Contact@5c85916], outboxEmails=[com.Linko.entities.Email@297f3e9c], roles=[ROLE_USER], emailToken=null)
Verified by Google
2026-05-03T15:57:05.746+05:30  INFO 16988 --- [Linko] [nio-8080-exec-6] c.L.controllers.RootControllerAdvice     : loggedin username: satyamsharma061706@gmail.com
Hibernate: 
    select
        u1_0.id,
        u1_0.about,
        u1_0.address,
        u1_0.cloudinary_image_public_id,
        u1_0.email,
        u1_0.email_token,
        u1_0.email_verified,
        u1_0.enabled,
        u1_0.user_name,
        u1_0.password,
        u1_0.phone_number,
        u1_0.phone_verified,
        u1_0.profile_picture,
        u1_0.provider,
        u1_0.provider_user_id 
    from
        users u1_0 
    where
        u1_0.email=?
Hibernate: 
    select
        r1_0.user_id,
        r1_0.roles 
    from
        user_roles r1_0 
    where
        r1_0.user_id=?
Hibernate: 
    select
        c1_0.user_id,
        c1_0.id,
        c1_0.address,
        c1_0.cloudinary_image_public_id,
        c1_0.description,
        c1_0.email,
        c1_0.favorite,
        c1_0.linked_in_link,
        c1_0.name,
        c1_0.phone_number,
        c1_0.picture,
        c1_0.website_link 
    from
        contact c1_0 
    where
        c1_0.user_id=?
Hibernate: 
    select
        l1_0.contact_id,
        l1_0.id,
        l1_0.link,
        l1_0.link_type 
    from
        socail_link l1_0 
    where
        l1_0.contact_id=?
Hibernate: 
    select
        l1_0.contact_id,
        l1_0.id,
        l1_0.link,
        l1_0.link_type 
    from
        socail_link l1_0 
    where
        l1_0.contact_id=?
Hibernate: 
    select
        oe1_0.user_id,
        oe1_0.id,
        oe1_0.email_content,
        oe1_0.created_at,
        oe1_0.email_from,
        oe1_0.user_name,
        oe1_0.picture,
        oe1_0.email_subject,
        oe1_0.email_to 
    from
        email oe1_0 
    where
        oe1_0.user_id=?
User(id=1, name=Satyam Sharma, email=satyamsharma061706@gmail.com, password=password, about=This account is created using google..., profilePicture=https://lh3.googleusercontent.com/a/ACg8ocKXh3f_faiF5RxeXtRS5n7iucjTmezGfR6dH1Ux9IMBWAxbUH4=s96-c, phoneNumber=6263037167, address=

bhopal, cloudinaryImagePublicId=null, enabled=true, emailVerified=true, phoneVerified=false, provider=GOOGLE, providerUserId=Satyam Sharma, contacts=[com.Linko.entities.Contact@6ea4179d, com.Linko.entities.Contact@233c27ed], outboxEmails=[com.Linko.entities.Email@7057edce], roles=[ROLE_USER], emailToken=null)
Verified by Google
2026-05-03T15:57:09.413+05:30  INFO 16988 --- [Linko] [nio-8080-exec-6] c.L.controllers.RootControllerAdvice     : loggedin username: satyamsharma061706@gmail.com
Hibernate: 
    select
        u1_0.id,
        u1_0.about,
        u1_0.address,
        u1_0.cloudinary_image_public_id,
        u1_0.email,
        u1_0.email_token,
        u1_0.email_verified,
        u1_0.enabled,
        u1_0.user_name,
        u1_0.password,
        u1_0.phone_number,
        u1_0.phone_verified,
        u1_0.profile_picture,
        u1_0.provider,
        u1_0.provider_user_id 
    from
        users u1_0 
    where
        u1_0.email=?
Hibernate: 
    select
        r1_0.user_id,
        r1_0.roles 
    from
        user_roles r1_0 
    where
        r1_0.user_id=?
Hibernate: 
    select
        c1_0.user_id,
        c1_0.id,
        c1_0.address,
        c1_0.cloudinary_image_public_id,
        c1_0.description,
        c1_0.email,
        c1_0.favorite,
        c1_0.linked_in_link,
        c1_0.name,
        c1_0.phone_number,
        c1_0.picture,
        c1_0.website_link 
    from
        contact c1_0 
    where
        c1_0.user_id=?
Hibernate: 
    select
        l1_0.contact_id,
        l1_0.id,
        l1_0.link,
        l1_0.link_type 
    from
        socail_link l1_0 
    where
        l1_0.contact_id=?
Hibernate: 
    select
        l1_0.contact_id,
        l1_0.id,
        l1_0.link,
        l1_0.link_type 
    from
        socail_link l1_0 
    where
        l1_0.contact_id=?
Hibernate: 
    select
        oe1_0.user_id,
        oe1_0.id,
        oe1_0.email_content,
        oe1_0.created_at,
        oe1_0.email_from,
        oe1_0.user_name,
        oe1_0.picture,
        oe1_0.email_subject,
        oe1_0.email_to 
    from
        email oe1_0 
    where
        oe1_0.user_id=?
User(id=1, name=Satyam Sharma, email=satyamsharma061706@gmail.com, password=password, about=This account is created using google..., profilePicture=https://lh3.googleusercontent.com/a/ACg8ocKXh3f_faiF5RxeXtRS5n7iucjTmezGfR6dH1Ux9IMBWAxbUH4=s96-c, phoneNumber=6263037167, address=

bhopal, cloudinaryImagePublicId=null, enabled=true, emailVerified=true, phoneVerified=false, provider=GOOGLE, providerUserId=Satyam Sharma, contacts=[com.Linko.entities.Contact@39043aed, com.Linko.entities.Contact@f1eaf50], outboxEmails=[com.Linko.entities.Email@43783aeb], roles=[ROLE_USER], emailToken=null)
Verified by Google
2026-05-03T15:57:12.288+05:30  INFO 16988 --- [Linko] [nio-8080-exec-3] c.L.controllers.RootControllerAdvice     : loggedin username: satyamsharma061706@gmail.com
Hibernate: 
    select
        u1_0.id,
        u1_0.about,
        u1_0.address,
        u1_0.cloudinary_image_public_id,
        u1_0.email,
        u1_0.email_token,
        u1_0.email_verified,
        u1_0.enabled,
        u1_0.user_name,
        u1_0.password,
        u1_0.phone_number,
        u1_0.phone_verified,
        u1_0.profile_picture,
        u1_0.provider,
        u1_0.provider_user_id 
    from
        users u1_0 
    where
        u1_0.email=?
Hibernate: 
    select
        r1_0.user_id,
        r1_0.roles 
    from
        user_roles r1_0 
    where
        r1_0.user_id=?
Hibernate: 
    select
        c1_0.user_id,
        c1_0.id,
        c1_0.address,
        c1_0.cloudinary_image_public_id,
        c1_0.description,
        c1_0.email,
        c1_0.favorite,
        c1_0.linked_in_link,
        c1_0.name,
        c1_0.phone_number,
        c1_0.picture,
        c1_0.website_link 
    from
        contact c1_0 
    where
        c1_0.user_id=?
Hibernate: 
    select
        l1_0.contact_id,
        l1_0.id,
        l1_0.link,
        l1_0.link_type 
    from
        socail_link l1_0 
    where
        l1_0.contact_id=?
Hibernate: 
    select
        l1_0.contact_id,
        l1_0.id,
        l1_0.link,
        l1_0.link_type 
    from
        socail_link l1_0 
    where
        l1_0.contact_id=?
Hibernate: 
    select
        oe1_0.user_id,
        oe1_0.id,
        oe1_0.email_content,
        oe1_0.created_at,
        oe1_0.email_from,
        oe1_0.user_name,
        oe1_0.picture,
        oe1_0.email_subject,
        oe1_0.email_to 
    from
        email oe1_0 
    where
        oe1_0.user_id=?
User(id=1, name=Satyam Sharma, email=satyamsharma061706@gmail.com, password=password, about=This account is created using google..., profilePicture=https://lh3.googleusercontent.com/a/ACg8ocKXh3f_faiF5RxeXtRS5n7iucjTmezGfR6dH1Ux9IMBWAxbUH4=s96-c, phoneNumber=6263037167, address=

bhopal, cloudinaryImagePublicId=null, enabled=true, emailVerified=true, phoneVerified=false, provider=GOOGLE, providerUserId=Satyam Sharma, contacts=[com.Linko.entities.Contact@4098c8f5, com.Linko.entities.Contact@198a181a], outboxEmails=[com.Linko.entities.Email@5bc4006], roles=[ROLE_USER], emailToken=null)
Verified by Google
Hibernate: 
    select
        u1_0.id,
        u1_0.about,
        u1_0.address,
        u1_0.cloudinary_image_public_id,
        u1_0.email,
        u1_0.email_token,
        u1_0.email_verified,
        u1_0.enabled,
        u1_0.user_name,
        u1_0.password,
        u1_0.phone_number,
        u1_0.phone_verified,
        u1_0.profile_picture,
        u1_0.provider,
        u1_0.provider_user_id 
    from
        users u1_0 
    where
        u1_0.email=?
Hibernate: 
    select
        c1_0.id,
        c1_0.address,
        c1_0.cloudinary_image_public_id,
        c1_0.description,
        c1_0.email,
        c1_0.favorite,
        c1_0.linked_in_link,
        c1_0.name,
        c1_0.phone_number,
        c1_0.picture,
        c1_0.user_id,
        c1_0.website_link 
    from
        contact c1_0 
    where
        c1_0.user_id=? 
    order by
        c1_0.name 
    limit
        ?
Verified by Google
2026-05-03T15:57:17.182+05:30  INFO 16988 --- [Linko] [io-8080-exec-10] c.L.controllers.RootControllerAdvice     : loggedin username: satyamsharma061706@gmail.com
Hibernate: 
    select
        u1_0.id,
        u1_0.about,
        u1_0.address,
        u1_0.cloudinary_image_public_id,
        u1_0.email,
        u1_0.email_token,
        u1_0.email_verified,
        u1_0.enabled,
        u1_0.user_name,
        u1_0.password,
        u1_0.phone_number,
        u1_0.phone_verified,
        u1_0.profile_picture,
        u1_0.provider,
        u1_0.provider_user_id 
    from
        users u1_0 
    where
        u1_0.email=?
Hibernate: 
    select
        r1_0.user_id,
        r1_0.roles 
    from
        user_roles r1_0 
    where
        r1_0.user_id=?
Hibernate: 
    select
        c1_0.user_id,
        c1_0.id,
        c1_0.address,
        c1_0.cloudinary_image_public_id,
        c1_0.description,
        c1_0.email,
        c1_0.favorite,
        c1_0.linked_in_link,
        c1_0.name,
        c1_0.phone_number,
        c1_0.picture,
        c1_0.website_link 
    from
        contact c1_0 
    where
        c1_0.user_id=?
Hibernate: 
    select
        l1_0.contact_id,
        l1_0.id,
        l1_0.link,
        l1_0.link_type 
    from
        socail_link l1_0 
    where
        l1_0.contact_id=?
Hibernate: 
    select
        l1_0.contact_id,
        l1_0.id,
        l1_0.link,
        l1_0.link_type 
    from
        socail_link l1_0 
    where
        l1_0.contact_id=?
Hibernate: 
    select
        oe1_0.user_id,
        oe1_0.id,
        oe1_0.email_content,
        oe1_0.created_at,
        oe1_0.email_from,
        oe1_0.user_name,
        oe1_0.picture,
        oe1_0.email_subject,
        oe1_0.email_to 
    from
        email oe1_0 
    where
        oe1_0.user_id=?
User(id=1, name=Satyam Sharma, email=satyamsharma061706@gmail.com, password=password, about=This account is created using google..., profilePicture=https://lh3.googleusercontent.com/a/ACg8ocKXh3f_faiF5RxeXtRS5n7iucjTmezGfR6dH1Ux9IMBWAxbUH4=s96-c, phoneNumber=6263037167, address=

bhopal, cloudinaryImagePublicId=null, enabled=true, emailVerified=true, phoneVerified=false, provider=GOOGLE, providerUserId=Satyam Sharma, contacts=[com.Linko.entities.Contact@6665e2fa, com.Linko.entities.Contact@4f39dfcf], outboxEmails=[com.Linko.entities.Email@3f4429b8], roles=[ROLE_USER], emailToken=null)
Verified by Google
Hibernate: 
    select
        u1_0.id,
        u1_0.about,
        u1_0.address,
        u1_0.cloudinary_image_public_id,
        u1_0.email,
        u1_0.email_token,
        u1_0.email_verified,
        u1_0.enabled,
        u1_0.user_name,
        u1_0.password,
        u1_0.phone_number,
        u1_0.phone_verified,
        u1_0.profile_picture,
        u1_0.provider,
        u1_0.provider_user_id 
    from
        users u1_0 
    where
        u1_0.email=?
Hibernate: 
    select
        c1_0.id,
        c1_0.address,
        c1_0.cloudinary_image_public_id,
        c1_0.description,
        c1_0.email,
        c1_0.favorite,
        c1_0.linked_in_link,
        c1_0.name,
        c1_0.phone_number,
        c1_0.picture,
        c1_0.user_id,
        c1_0.website_link 
    from
        contact c1_0 
    where
        c1_0.user_id=? 
    order by
        c1_0.name 
    limit
        ?
Verified by Google
2026-05-03T15:57:28.540+05:30  INFO 16988 --- [Linko] [nio-8080-exec-8] c.L.controllers.RootControllerAdvice     : loggedin username: satyamsharma061706@gmail.com
Hibernate: 
    select
        u1_0.id,
        u1_0.about,
        u1_0.address,
        u1_0.cloudinary_image_public_id,
        u1_0.email,
        u1_0.email_token,
        u1_0.email_verified,
        u1_0.enabled,
        u1_0.user_name,
        u1_0.password,
        u1_0.phone_number,
        u1_0.phone_verified,
        u1_0.profile_picture,
        u1_0.provider,
        u1_0.provider_user_id 
    from
        users u1_0 
    where
        u1_0.email=?
Hibernate: 
    select
        r1_0.user_id,
        r1_0.roles 
    from
        user_roles r1_0 
    where
        r1_0.user_id=?
Hibernate: 
    select
        c1_0.user_id,
        c1_0.id,
        c1_0.address,
        c1_0.cloudinary_image_public_id,
        c1_0.description,
        c1_0.email,
        c1_0.favorite,
        c1_0.linked_in_link,
        c1_0.name,
        c1_0.phone_number,
        c1_0.picture,
        c1_0.website_link 
    from
        contact c1_0 
    where
        c1_0.user_id=?
Hibernate: 
    select
        l1_0.contact_id,
        l1_0.id,
        l1_0.link,
        l1_0.link_type 
    from
        socail_link l1_0 
    where
        l1_0.contact_id=?
Hibernate: 
    select
        l1_0.contact_id,
        l1_0.id,
        l1_0.link,
        l1_0.link_type 
    from
        socail_link l1_0 
    where
        l1_0.contact_id=?
Hibernate: 
    select
        oe1_0.user_id,
        oe1_0.id,
        oe1_0.email_content,
        oe1_0.created_at,
        oe1_0.email_from,
        oe1_0.user_name,
        oe1_0.picture,
        oe1_0.email_subject,
        oe1_0.email_to 
    from
        email oe1_0 
    where
        oe1_0.user_id=?
User(id=1, name=Satyam Sharma, email=satyamsharma061706@gmail.com, password=password, about=This account is created using google..., profilePicture=https://lh3.googleusercontent.com/a/ACg8ocKXh3f_faiF5RxeXtRS5n7iucjTmezGfR6dH1Ux9IMBWAxbUH4=s96-c, phoneNumber=6263037167, address=

bhopal, cloudinaryImagePublicId=null, enabled=true, emailVerified=true, phoneVerified=false, provider=GOOGLE, providerUserId=Satyam Sharma, contacts=[com.Linko.entities.Contact@29079a1e, com.Linko.entities.Contact@e8f3471], outboxEmails=[com.Linko.entities.Email@631075ee], roles=[ROLE_USER], emailToken=null)
Verified by Google
2026-05-03T15:57:32.806+05:30  INFO 16988 --- [Linko] [nio-8080-exec-7] c.L.controllers.RootControllerAdvice     : loggedin username: satyamsharma061706@gmail.com
Hibernate: 
    select
        u1_0.id,
        u1_0.about,
        u1_0.address,
        u1_0.cloudinary_image_public_id,
        u1_0.email,
        u1_0.email_token,
        u1_0.email_verified,
        u1_0.enabled,
        u1_0.user_name,
        u1_0.password,
        u1_0.phone_number,
        u1_0.phone_verified,
        u1_0.profile_picture,
        u1_0.provider,
        u1_0.provider_user_id 
    from
        users u1_0 
    where
        u1_0.email=?
Hibernate: 
    select
        r1_0.user_id,
        r1_0.roles 
    from
        user_roles r1_0 
    where
        r1_0.user_id=?
Hibernate: 
    select
        c1_0.user_id,
        c1_0.id,
        c1_0.address,
        c1_0.cloudinary_image_public_id,
        c1_0.description,
        c1_0.email,
        c1_0.favorite,
        c1_0.linked_in_link,
        c1_0.name,
        c1_0.phone_number,
        c1_0.picture,
        c1_0.website_link 
    from
        contact c1_0 
    where
        c1_0.user_id=?
Hibernate: 
    select
        l1_0.contact_id,
        l1_0.id,
        l1_0.link,
        l1_0.link_type 
    from
        socail_link l1_0 
    where
        l1_0.contact_id=?
Hibernate: 
    select
        l1_0.contact_id,
        l1_0.id,
        l1_0.link,
        l1_0.link_type 
    from
        socail_link l1_0 
    where
        l1_0.contact_id=?
Hibernate: 
    select
        oe1_0.user_id,
        oe1_0.id,
        oe1_0.email_content,
        oe1_0.created_at,
        oe1_0.email_from,
        oe1_0.user_name,
        oe1_0.picture,
        oe1_0.email_subject,
        oe1_0.email_to 
    from
        email oe1_0 
    where
        oe1_0.user_id=?
User(id=1, name=Satyam Sharma, email=satyamsharma061706@gmail.com, password=password, about=This account is created using google..., profilePicture=https://lh3.googleusercontent.com/a/ACg8ocKXh3f_faiF5RxeXtRS5n7iucjTmezGfR6dH1Ux9IMBWAxbUH4=s96-c, phoneNumber=6263037167, address=

bhopal, cloudinaryImagePublicId=null, enabled=true, emailVerified=true, phoneVerified=false, provider=GOOGLE, providerUserId=Satyam Sharma, contacts=[com.Linko.entities.Contact@42e0b7ff, com.Linko.entities.Contact@5a708677], outboxEmails=[com.Linko.entities.Email@bb978a8], roles=[ROLE_USER], emailToken=null)
Verified by Google
Hibernate: 
    select
        u1_0.id,
        u1_0.about,
        u1_0.address,
        u1_0.cloudinary_image_public_id,
        u1_0.email,
        u1_0.email_token,
        u1_0.email_verified,
        u1_0.enabled,
        u1_0.user_name,
        u1_0.password,
        u1_0.phone_number,
        u1_0.phone_verified,
        u1_0.profile_picture,
        u1_0.provider,
        u1_0.provider_user_id 
    from
        users u1_0 
    where
        u1_0.email=?
Hibernate: 
    select
        c1_0.id,
        c1_0.address,
        c1_0.cloudinary_image_public_id,
        c1_0.description,
        c1_0.email,
        c1_0.favorite,
        c1_0.linked_in_link,
        c1_0.name,
        c1_0.phone_number,
        c1_0.picture,
        c1_0.user_id,
        c1_0.website_link 
    from
        contact c1_0 
    where
        c1_0.user_id=? 
    order by
        c1_0.name 
    limit
        ?
Verified by Google
2026-05-03T15:57:35.615+05:30  INFO 16988 --- [Linko] [nio-8080-exec-4] c.L.controllers.RootControllerAdvice     : loggedin username: satyamsharma061706@gmail.com
Hibernate: 
    select
        u1_0.id,
        u1_0.about,
        u1_0.address,
        u1_0.cloudinary_image_public_id,
        u1_0.email,
        u1_0.email_token,
        u1_0.email_verified,
        u1_0.enabled,
        u1_0.user_name,
        u1_0.password,
        u1_0.phone_number,
        u1_0.phone_verified,
        u1_0.profile_picture,
        u1_0.provider,
        u1_0.provider_user_id 
    from
        users u1_0 
    where
        u1_0.email=?
Hibernate: 
    select
        r1_0.user_id,
        r1_0.roles 
    from
        user_roles r1_0 
    where
        r1_0.user_id=?
Hibernate: 
    select
        c1_0.user_id,
        c1_0.id,
        c1_0.address,
        c1_0.cloudinary_image_public_id,
        c1_0.description,
        c1_0.email,
        c1_0.favorite,
        c1_0.linked_in_link,
        c1_0.name,
        c1_0.phone_number,
        c1_0.picture,
        c1_0.website_link 
    from
        contact c1_0 
    where
        c1_0.user_id=?
Hibernate: 
    select
        l1_0.contact_id,
        l1_0.id,
        l1_0.link,
        l1_0.link_type 
    from
        socail_link l1_0 
    where
        l1_0.contact_id=?
Hibernate: 
    select
        l1_0.contact_id,
        l1_0.id,
        l1_0.link,
        l1_0.link_type 
    from
        socail_link l1_0 
    where
        l1_0.contact_id=?
Hibernate: 
    select
        oe1_0.user_id,
        oe1_0.id,
        oe1_0.email_content,
        oe1_0.created_at,
        oe1_0.email_from,
        oe1_0.user_name,
        oe1_0.picture,
        oe1_0.email_subject,
        oe1_0.email_to 
    from
        email oe1_0 
    where
        oe1_0.user_id=?
User(id=1, name=Satyam Sharma, email=satyamsharma061706@gmail.com, password=password, about=This account is created using google..., profilePicture=https://lh3.googleusercontent.com/a/ACg8ocKXh3f_faiF5RxeXtRS5n7iucjTmezGfR6dH1Ux9IMBWAxbUH4=s96-c, phoneNumber=6263037167, address=

bhopal, cloudinaryImagePublicId=null, enabled=true, emailVerified=true, phoneVerified=false, provider=GOOGLE, providerUserId=Satyam Sharma, contacts=[com.Linko.entities.Contact@64fac797, com.Linko.entities.Contact@760bb4b4], outboxEmails=[com.Linko.entities.Email@53c7f0a7], roles=[ROLE_USER], emailToken=null)
Verified by Google
2026-05-03T15:57:38.572+05:30  INFO 16988 --- [Linko] [io-8080-exec-10] c.L.controllers.RootControllerAdvice     : loggedin username: satyamsharma061706@gmail.com
Hibernate: 
    select
        u1_0.id,
        u1_0.about,
        u1_0.address,
        u1_0.cloudinary_image_public_id,
        u1_0.email,
        u1_0.email_token,
        u1_0.email_verified,
        u1_0.enabled,
        u1_0.user_name,
        u1_0.password,
        u1_0.phone_number,
        u1_0.phone_verified,
        u1_0.profile_picture,
        u1_0.provider,
        u1_0.provider_user_id 
    from
        users u1_0 
    where
        u1_0.email=?
Hibernate: 
    select
        r1_0.user_id,
        r1_0.roles 
    from
        user_roles r1_0 
    where
        r1_0.user_id=?
Hibernate: 
    select
        c1_0.user_id,
        c1_0.id,
        c1_0.address,
        c1_0.cloudinary_image_public_id,
        c1_0.description,
        c1_0.email,
        c1_0.favorite,
        c1_0.linked_in_link,
        c1_0.name,
        c1_0.phone_number,
        c1_0.picture,
        c1_0.website_link 
    from
        contact c1_0 
    where
        c1_0.user_id=?
Hibernate: 
    select
        l1_0.contact_id,
        l1_0.id,
        l1_0.link,
        l1_0.link_type 
    from
        socail_link l1_0 
    where
        l1_0.contact_id=?
Hibernate: 
    select
        l1_0.contact_id,
        l1_0.id,
        l1_0.link,
        l1_0.link_type 
    from
        socail_link l1_0 
    where
        l1_0.contact_id=?
Hibernate: 
    select
        oe1_0.user_id,
        oe1_0.id,
        oe1_0.email_content,
        oe1_0.created_at,
        oe1_0.email_from,
        oe1_0.user_name,
        oe1_0.picture,
        oe1_0.email_subject,
        oe1_0.email_to 
    from
        email oe1_0 
    where
        oe1_0.user_id=?
User(id=1, name=Satyam Sharma, email=satyamsharma061706@gmail.com, password=password, about=This account is created using google..., profilePicture=https://lh3.googleusercontent.com/a/ACg8ocKXh3f_faiF5RxeXtRS5n7iucjTmezGfR6dH1Ux9IMBWAxbUH4=s96-c, phoneNumber=6263037167, address=

bhopal, cloudinaryImagePublicId=null, enabled=true, emailVerified=true, phoneVerified=false, provider=GOOGLE, providerUserId=Satyam Sharma, contacts=[com.Linko.entities.Contact@f158bf0, com.Linko.entities.Contact@7ee224ae], outboxEmails=[com.Linko.entities.Email@63332214], roles=[ROLE_USER], emailToken=null)
Verified by Google
Hibernate: 
    select
        u1_0.id,
        u1_0.about,
        u1_0.address,
        u1_0.cloudinary_image_public_id,
        u1_0.email,
        u1_0.email_token,
        u1_0.email_verified,
        u1_0.enabled,
        u1_0.user_name,
        u1_0.password,
        u1_0.phone_number,
        u1_0.phone_verified,
        u1_0.profile_picture,
        u1_0.provider,
        u1_0.provider_user_id 
    from
        users u1_0 
    where
        u1_0.email=?
Hibernate: 
    select
        c1_0.id,
        c1_0.address,
        c1_0.cloudinary_image_public_id,
        c1_0.description,
        c1_0.email,
        c1_0.favorite,
        c1_0.linked_in_link,
        c1_0.name,
        c1_0.phone_number,
        c1_0.picture,
        c1_0.user_id,
        c1_0.website_link 
    from
        contact c1_0 
    where
        c1_0.user_id=? 
    order by
        c1_0.name 
    limit
        ?
Hibernate: 
    select
        e1_0.id,
        e1_0.email_content,
        e1_0.created_at,
        e1_0.email_from,
        e1_0.user_name,
        e1_0.picture,
        e1_0.email_subject,
        e1_0.email_to,
        e1_0.user_id 
    from
        email e1_0 
    where
        e1_0.user_id=? 
    order by
        e1_0.user_name 
    limit
        ?
Verified by Google
2026-05-03T15:57:41.876+05:30  INFO 16988 --- [Linko] [nio-8080-exec-5] c.L.controllers.RootControllerAdvice     : loggedin username: satyamsharma061706@gmail.com
Hibernate: 
    select
        u1_0.id,
        u1_0.about,
        u1_0.address,
        u1_0.cloudinary_image_public_id,
        u1_0.email,
        u1_0.email_token,
        u1_0.email_verified,
        u1_0.enabled,
        u1_0.user_name,
        u1_0.password,
        u1_0.phone_number,
        u1_0.phone_verified,
        u1_0.profile_picture,
        u1_0.provider,
        u1_0.provider_user_id 
    from
        users u1_0 
    where
        u1_0.email=?
Hibernate: 
    select
        r1_0.user_id,
        r1_0.roles 
    from
        user_roles r1_0 
    where
        r1_0.user_id=?
Hibernate: 
    select
        c1_0.user_id,
        c1_0.id,
        c1_0.address,
        c1_0.cloudinary_image_public_id,
        c1_0.description,
        c1_0.email,
        c1_0.favorite,
        c1_0.linked_in_link,
        c1_0.name,
        c1_0.phone_number,
        c1_0.picture,
        c1_0.website_link 
    from
        contact c1_0 
    where
        c1_0.user_id=?
Hibernate: 
    select
        l1_0.contact_id,
        l1_0.id,
        l1_0.link,
        l1_0.link_type 
    from
        socail_link l1_0 
    where
        l1_0.contact_id=?
Hibernate: 
    select
        l1_0.contact_id,
        l1_0.id,
        l1_0.link,
        l1_0.link_type 
    from
        socail_link l1_0 
    where
        l1_0.contact_id=?
Hibernate: 
    select
        oe1_0.user_id,
        oe1_0.id,
        oe1_0.email_content,
        oe1_0.created_at,
        oe1_0.email_from,
        oe1_0.user_name,
        oe1_0.picture,
        oe1_0.email_subject,
        oe1_0.email_to 
    from
        email oe1_0 
    where
        oe1_0.user_id=?
User(id=1, name=Satyam Sharma, email=satyamsharma061706@gmail.com, password=password, about=This account is created using google..., profilePicture=https://lh3.googleusercontent.com/a/ACg8ocKXh3f_faiF5RxeXtRS5n7iucjTmezGfR6dH1Ux9IMBWAxbUH4=s96-c, phoneNumber=6263037167, address=

bhopal, cloudinaryImagePublicId=null, enabled=true, emailVerified=true, phoneVerified=false, provider=GOOGLE, providerUserId=Satyam Sharma, contacts=[com.Linko.entities.Contact@282ad877, com.Linko.entities.Contact@3d5cb5ab], outboxEmails=[com.Linko.entities.Email@3b3d7035], roles=[ROLE_USER], emailToken=null)
Verified by Google
2026-05-03T15:57:42.082+05:30  INFO 16988 --- [Linko] [nio-8080-exec-2] c.L.controllers.RootControllerAdvice     : loggedin username: satyamsharma061706@gmail.com
Hibernate: 
    select
        u1_0.id,
        u1_0.about,
        u1_0.address,
        u1_0.cloudinary_image_public_id,
        u1_0.email,
        u1_0.email_token,
        u1_0.email_verified,
        u1_0.enabled,
        u1_0.user_name,
        u1_0.password,
        u1_0.phone_number,
        u1_0.phone_verified,
        u1_0.profile_picture,
        u1_0.provider,
        u1_0.provider_user_id 
    from
        users u1_0 
    where
        u1_0.email=?
Hibernate: 
    select
        r1_0.user_id,
        r1_0.roles 
    from
        user_roles r1_0 
    where
        r1_0.user_id=?
Hibernate: 
    select
        c1_0.user_id,
        c1_0.id,
        c1_0.address,
        c1_0.cloudinary_image_public_id,
        c1_0.description,
        c1_0.email,
        c1_0.favorite,
        c1_0.linked_in_link,
        c1_0.name,
        c1_0.phone_number,
        c1_0.picture,
        c1_0.website_link 
    from
        contact c1_0 
    where
        c1_0.user_id=?
Hibernate: 
    select
        l1_0.contact_id,
        l1_0.id,
        l1_0.link,
        l1_0.link_type 
    from
        socail_link l1_0 
    where
        l1_0.contact_id=?
Hibernate: 
    select
        l1_0.contact_id,
        l1_0.id,
        l1_0.link,
        l1_0.link_type 
    from
        socail_link l1_0 
    where
        l1_0.contact_id=?
Hibernate: 
    select
        oe1_0.user_id,
        oe1_0.id,
        oe1_0.email_content,
        oe1_0.created_at,
        oe1_0.email_from,
        oe1_0.user_name,
        oe1_0.picture,
        oe1_0.email_subject,
        oe1_0.email_to 
    from
        email oe1_0 
    where
        oe1_0.user_id=?
User(id=1, name=Satyam Sharma, email=satyamsharma061706@gmail.com, password=password, about=This account is created using google..., profilePicture=https://lh3.googleusercontent.com/a/ACg8ocKXh3f_faiF5RxeXtRS5n7iucjTmezGfR6dH1Ux9IMBWAxbUH4=s96-c, phoneNumber=6263037167, address=

bhopal, cloudinaryImagePublicId=null, enabled=true, emailVerified=true, phoneVerified=false, provider=GOOGLE, providerUserId=Satyam Sharma, contacts=[com.Linko.entities.Contact@6f9f730a, com.Linko.entities.Contact@76aa61e1], outboxEmails=[com.Linko.entities.Email@545befc8], roles=[ROLE_USER], emailToken=null)
Verified by Google
2026-05-03T15:57:48.972+05:30  INFO 16988 --- [Linko] [nio-8080-exec-7] c.L.controllers.RootControllerAdvice     : loggedin username: satyamsharma061706@gmail.com
Hibernate: 
    select
        u1_0.id,
        u1_0.about,
        u1_0.address,
        u1_0.cloudinary_image_public_id,
        u1_0.email,
        u1_0.email_token,
        u1_0.email_verified,
        u1_0.enabled,
        u1_0.user_name,
        u1_0.password,
        u1_0.phone_number,
        u1_0.phone_verified,
        u1_0.profile_picture,
        u1_0.provider,
        u1_0.provider_user_id 
    from
        users u1_0 
    where
        u1_0.email=?
Hibernate: 
    select
        r1_0.user_id,
        r1_0.roles 
    from
        user_roles r1_0 
    where
        r1_0.user_id=?
Hibernate: 
    select
        c1_0.user_id,
        c1_0.id,
        c1_0.address,
        c1_0.cloudinary_image_public_id,
        c1_0.description,
        c1_0.email,
        c1_0.favorite,
        c1_0.linked_in_link,
        c1_0.name,
        c1_0.phone_number,
        c1_0.picture,
        c1_0.website_link 
    from
        contact c1_0 
    where
        c1_0.user_id=?
Hibernate: 
    select
        l1_0.contact_id,
        l1_0.id,
        l1_0.link,
        l1_0.link_type 
    from
        socail_link l1_0 
    where
        l1_0.contact_id=?
Hibernate: 
    select
        l1_0.contact_id,
        l1_0.id,
        l1_0.link,
        l1_0.link_type 
    from
        socail_link l1_0 
    where
        l1_0.contact_id=?
Hibernate: 
    select
        oe1_0.user_id,
        oe1_0.id,
        oe1_0.email_content,
        oe1_0.created_at,
        oe1_0.email_from,
        oe1_0.user_name,
        oe1_0.picture,
        oe1_0.email_subject,
        oe1_0.email_to 
    from
        email oe1_0 
    where
        oe1_0.user_id=?
User(id=1, name=Satyam Sharma, email=satyamsharma061706@gmail.com, password=password, about=This account is created using google..., profilePicture=https://lh3.googleusercontent.com/a/ACg8ocKXh3f_faiF5RxeXtRS5n7iucjTmezGfR6dH1Ux9IMBWAxbUH4=s96-c, phoneNumber=6263037167, address=

bhopal, cloudinaryImagePublicId=null, enabled=true, emailVerified=true, phoneVerified=false, provider=GOOGLE, providerUserId=Satyam Sharma, contacts=[com.Linko.entities.Contact@56b3ebe9, com.Linko.entities.Contact@455e96b7], outboxEmails=[com.Linko.entities.Email@ed63ff9], roles=[ROLE_USER], emailToken=null)
Verified by Google
2026-05-03T15:57:50.037+05:30  INFO 16988 --- [Linko] [nio-8080-exec-8] c.L.controllers.RootControllerAdvice     : loggedin username: satyamsharma061706@gmail.com
Hibernate: 
    select
        u1_0.id,
        u1_0.about,
        u1_0.address,
        u1_0.cloudinary_image_public_id,
        u1_0.email,
        u1_0.email_token,
        u1_0.email_verified,
        u1_0.enabled,
        u1_0.user_name,
        u1_0.password,
        u1_0.phone_number,
        u1_0.phone_verified,
        u1_0.profile_picture,
        u1_0.provider,
        u1_0.provider_user_id 
    from
        users u1_0 
    where
        u1_0.email=?
Hibernate: 
    select
        r1_0.user_id,
        r1_0.roles 
    from
        user_roles r1_0 
    where
        r1_0.user_id=?
Hibernate: 
    select
        c1_0.user_id,
        c1_0.id,
        c1_0.address,
        c1_0.cloudinary_image_public_id,
        c1_0.description,
        c1_0.email,
        c1_0.favorite,
        c1_0.linked_in_link,
        c1_0.name,
        c1_0.phone_number,
        c1_0.picture,
        c1_0.website_link 
    from
        contact c1_0 
    where
        c1_0.user_id=?
Hibernate: 
    select
        l1_0.contact_id,
        l1_0.id,
        l1_0.link,
        l1_0.link_type 
    from
        socail_link l1_0 
    where
        l1_0.contact_id=?
Hibernate: 
    select
        l1_0.contact_id,
        l1_0.id,
        l1_0.link,
        l1_0.link_type 
    from
        socail_link l1_0 
    where
        l1_0.contact_id=?
Hibernate: 
    select
        oe1_0.user_id,
        oe1_0.id,
        oe1_0.email_content,
        oe1_0.created_at,
        oe1_0.email_from,
        oe1_0.user_name,
        oe1_0.picture,
        oe1_0.email_subject,
        oe1_0.email_to 
    from
        email oe1_0 
    where
        oe1_0.user_id=?
User(id=1, name=Satyam Sharma, email=satyamsharma061706@gmail.com, password=password, about=This account is created using google..., profilePicture=https://lh3.googleusercontent.com/a/ACg8ocKXh3f_faiF5RxeXtRS5n7iucjTmezGfR6dH1Ux9IMBWAxbUH4=s96-c, phoneNumber=6263037167, address=

bhopal, cloudinaryImagePublicId=null, enabled=true, emailVerified=true, phoneVerified=false, provider=GOOGLE, providerUserId=Satyam Sharma, contacts=[com.Linko.entities.Contact@7ac5a350, com.Linko.entities.Contact@5419816e], outboxEmails=[com.Linko.entities.Email@1ef03c31], roles=[ROLE_USER], emailToken=null)
Verified by Google
2026-05-03T15:57:52.173+05:30  INFO 16988 --- [Linko] [io-8080-exec-10] c.L.controllers.RootControllerAdvice     : loggedin username: satyamsharma061706@gmail.com
Hibernate: 
    select
        u1_0.id,
        u1_0.about,
        u1_0.address,
        u1_0.cloudinary_image_public_id,
        u1_0.email,
        u1_0.email_token,
        u1_0.email_verified,
        u1_0.enabled,
        u1_0.user_name,
        u1_0.password,
        u1_0.phone_number,
        u1_0.phone_verified,
        u1_0.profile_picture,
        u1_0.provider,
        u1_0.provider_user_id 
    from
        users u1_0 
    where
        u1_0.email=?
Hibernate: 
    select
        r1_0.user_id,
        r1_0.roles 
    from
        user_roles r1_0 
    where
        r1_0.user_id=?
Hibernate: 
    select
        c1_0.user_id,
        c1_0.id,
        c1_0.address,
        c1_0.cloudinary_image_public_id,
        c1_0.description,
        c1_0.email,
        c1_0.favorite,
        c1_0.linked_in_link,
        c1_0.name,
        c1_0.phone_number,
        c1_0.picture,
        c1_0.website_link 
    from
        contact c1_0 
    where
        c1_0.user_id=?
Hibernate: 
    select
        l1_0.contact_id,
        l1_0.id,
        l1_0.link,
        l1_0.link_type 
    from
        socail_link l1_0 
    where
        l1_0.contact_id=?
Hibernate: 
    select
        l1_0.contact_id,
        l1_0.id,
        l1_0.link,
        l1_0.link_type 
    from
        socail_link l1_0 
    where
        l1_0.contact_id=?
Hibernate: 
    select
        oe1_0.user_id,
        oe1_0.id,
        oe1_0.email_content,
        oe1_0.created_at,
        oe1_0.email_from,
        oe1_0.user_name,
        oe1_0.picture,
        oe1_0.email_subject,
        oe1_0.email_to 
    from
        email oe1_0 
    where
        oe1_0.user_id=?
User(id=1, name=Satyam Sharma, email=satyamsharma061706@gmail.com, password=password, about=This account is created using google..., profilePicture=https://lh3.googleusercontent.com/a/ACg8ocKXh3f_faiF5RxeXtRS5n7iucjTmezGfR6dH1Ux9IMBWAxbUH4=s96-c, phoneNumber=6263037167, address=

bhopal, cloudinaryImagePublicId=null, enabled=true, emailVerified=true, phoneVerified=false, provider=GOOGLE, providerUserId=Satyam Sharma, contacts=[com.Linko.entities.Contact@32441318, com.Linko.entities.Contact@1c553af5], outboxEmails=[com.Linko.entities.Email@2b62d05c], roles=[ROLE_USER], emailToken=null)
Verified by Google
Hibernate: 
    select
        u1_0.id,
        u1_0.about,
        u1_0.address,
        u1_0.cloudinary_image_public_id,
        u1_0.email,
        u1_0.email_token,
        u1_0.email_verified,
        u1_0.enabled,
        u1_0.user_name,
        u1_0.password,
        u1_0.phone_number,
        u1_0.phone_verified,
        u1_0.profile_picture,
        u1_0.provider,
        u1_0.provider_user_id 
    from
        users u1_0 
    where
        u1_0.email=?
Hibernate: 
    select
        c1_0.id,
        c1_0.address,
        c1_0.cloudinary_image_public_id,
        c1_0.description,
        c1_0.email,
        c1_0.favorite,
        c1_0.linked_in_link,
        c1_0.name,
        c1_0.phone_number,
        c1_0.picture,
        c1_0.user_id,
        c1_0.website_link 
    from
        contact c1_0 
    where
        c1_0.user_id=? 
    order by
        c1_0.name 
    limit
        ?
Verified by Google
2026-05-03T15:57:59.549+05:30  INFO 16988 --- [Linko] [nio-8080-exec-4] c.L.controllers.RootControllerAdvice     : loggedin username: satyamsharma061706@gmail.com
Hibernate: 
    select
        u1_0.id,
        u1_0.about,
        u1_0.address,
        u1_0.cloudinary_image_public_id,
        u1_0.email,
        u1_0.email_token,
        u1_0.email_verified,
        u1_0.enabled,
        u1_0.user_name,
        u1_0.password,
        u1_0.phone_number,
        u1_0.phone_verified,
        u1_0.profile_picture,
        u1_0.provider,
        u1_0.provider_user_id 
    from
        users u1_0 
    where
        u1_0.email=?
Hibernate: 
    select
        r1_0.user_id,
        r1_0.roles 
    from
        user_roles r1_0 
    where
        r1_0.user_id=?
Hibernate: 
    select
        c1_0.user_id,
        c1_0.id,
        c1_0.address,
        c1_0.cloudinary_image_public_id,
        c1_0.description,
        c1_0.email,
        c1_0.favorite,
        c1_0.linked_in_link,
        c1_0.name,
        c1_0.phone_number,
        c1_0.picture,
        c1_0.website_link 
    from
        contact c1_0 
    where
        c1_0.user_id=?
Hibernate: 
    select
        l1_0.contact_id,
        l1_0.id,
        l1_0.link,
        l1_0.link_type 
    from
        socail_link l1_0 
    where
        l1_0.contact_id=?
Hibernate: 
    select
        l1_0.contact_id,
        l1_0.id,
        l1_0.link,
        l1_0.link_type 
    from
        socail_link l1_0 
    where
        l1_0.contact_id=?
Hibernate: 
    select
        oe1_0.user_id,
        oe1_0.id,
        oe1_0.email_content,
        oe1_0.created_at,
        oe1_0.email_from,
        oe1_0.user_name,
        oe1_0.picture,
        oe1_0.email_subject,
        oe1_0.email_to 
    from
        email oe1_0 
    where
        oe1_0.user_id=?
User(id=1, name=Satyam Sharma, email=satyamsharma061706@gmail.com, password=password, about=This account is created using google..., profilePicture=https://lh3.googleusercontent.com/a/ACg8ocKXh3f_faiF5RxeXtRS5n7iucjTmezGfR6dH1Ux9IMBWAxbUH4=s96-c, phoneNumber=6263037167, address=

bhopal, cloudinaryImagePublicId=null, enabled=true, emailVerified=true, phoneVerified=false, provider=GOOGLE, providerUserId=Satyam Sharma, contacts=[com.Linko.entities.Contact@258900dc, com.Linko.entities.Contact@5a6502cf], outboxEmails=[com.Linko.entities.Email@395159c0], roles=[ROLE_USER], emailToken=null)
Verified by Google
Hibernate: 
    select
        u1_0.id,
        u1_0.about,
        u1_0.address,
        u1_0.cloudinary_image_public_id,
        u1_0.email,
        u1_0.email_token,
        u1_0.email_verified,
        u1_0.enabled,
        u1_0.user_name,
        u1_0.password,
        u1_0.phone_number,
        u1_0.phone_verified,
        u1_0.profile_picture,
        u1_0.provider,
        u1_0.provider_user_id 
    from
        users u1_0 
    where
        u1_0.email=?
Hibernate: 
    select
        c1_0.id,
        c1_0.address,
        c1_0.cloudinary_image_public_id,
        c1_0.description,
        c1_0.email,
        c1_0.favorite,
        c1_0.linked_in_link,
        c1_0.name,
        c1_0.phone_number,
        c1_0.picture,
        c1_0.user_id,
        c1_0.website_link 
    from
        contact c1_0 
    where
        c1_0.user_id=? 
    order by
        c1_0.name 
    limit
        ?
Verified by Google
2026-05-03T15:58:02.926+05:30  INFO 16988 --- [Linko] [nio-8080-exec-9] c.L.controllers.RootControllerAdvice     : loggedin username: satyamsharma061706@gmail.com
Hibernate: 
    select
        u1_0.id,
        u1_0.about,
        u1_0.address,
        u1_0.cloudinary_image_public_id,
        u1_0.email,
        u1_0.email_token,
        u1_0.email_verified,
        u1_0.enabled,
        u1_0.user_name,
        u1_0.password,
        u1_0.phone_number,
        u1_0.phone_verified,
        u1_0.profile_picture,
        u1_0.provider,
        u1_0.provider_user_id 
    from
        users u1_0 
    where
        u1_0.email=?
Hibernate: 
    select
        r1_0.user_id,
        r1_0.roles 
    from
        user_roles r1_0 
    where
        r1_0.user_id=?
Hibernate: 
    select
        c1_0.user_id,
        c1_0.id,
        c1_0.address,
        c1_0.cloudinary_image_public_id,
        c1_0.description,
        c1_0.email,
        c1_0.favorite,
        c1_0.linked_in_link,
        c1_0.name,
        c1_0.phone_number,
        c1_0.picture,
        c1_0.website_link 
    from
        contact c1_0 
    where
        c1_0.user_id=?
Hibernate: 
    select
        l1_0.contact_id,
        l1_0.id,
        l1_0.link,
        l1_0.link_type 
    from
        socail_link l1_0 
    where
        l1_0.contact_id=?
Hibernate: 
    select
        l1_0.contact_id,
        l1_0.id,
        l1_0.link,
        l1_0.link_type 
    from
        socail_link l1_0 
    where
        l1_0.contact_id=?
Hibernate: 
    select
        oe1_0.user_id,
        oe1_0.id,
        oe1_0.email_content,
        oe1_0.created_at,
        oe1_0.email_from,
        oe1_0.user_name,
        oe1_0.picture,
        oe1_0.email_subject,
        oe1_0.email_to 
    from
        email oe1_0 
    where
        oe1_0.user_id=?
User(id=1, name=Satyam Sharma, email=satyamsharma061706@gmail.com, password=password, about=This account is created using google..., profilePicture=https://lh3.googleusercontent.com/a/ACg8ocKXh3f_faiF5RxeXtRS5n7iucjTmezGfR6dH1Ux9IMBWAxbUH4=s96-c, phoneNumber=6263037167, address=

bhopal, cloudinaryImagePublicId=null, enabled=true, emailVerified=true, phoneVerified=false, provider=GOOGLE, providerUserId=Satyam Sharma, contacts=[com.Linko.entities.Contact@cccffe8, com.Linko.entities.Contact@23bd2192], outboxEmails=[com.Linko.entities.Email@30b79e80], roles=[ROLE_USER], emailToken=null)
Verified by Google
2026-05-03T15:58:17.818+05:30  INFO 16988 --- [Linko] [nio-8080-exec-8] c.L.controllers.RootControllerAdvice     : loggedin username: satyamsharma061706@gmail.com
Hibernate: 
    select
        u1_0.id,
        u1_0.about,
        u1_0.address,
        u1_0.cloudinary_image_public_id,
        u1_0.email,
        u1_0.email_token,
        u1_0.email_verified,
        u1_0.enabled,
        u1_0.user_name,
        u1_0.password,
        u1_0.phone_number,
        u1_0.phone_verified,
        u1_0.profile_picture,
        u1_0.provider,
        u1_0.provider_user_id 
    from
        users u1_0 
    where
        u1_0.email=?
Hibernate: 
    select
        r1_0.user_id,
        r1_0.roles 
    from
        user_roles r1_0 
    where
        r1_0.user_id=?
Hibernate: 
    select
        c1_0.user_id,
        c1_0.id,
        c1_0.address,
        c1_0.cloudinary_image_public_id,
        c1_0.description,
        c1_0.email,
        c1_0.favorite,
        c1_0.linked_in_link,
        c1_0.name,
        c1_0.phone_number,
        c1_0.picture,
        c1_0.website_link 
    from
        contact c1_0 
    where
        c1_0.user_id=?
Hibernate: 
    select
        l1_0.contact_id,
        l1_0.id,
        l1_0.link,
        l1_0.link_type 
    from
        socail_link l1_0 
    where
        l1_0.contact_id=?
Hibernate: 
    select
        l1_0.contact_id,
        l1_0.id,
        l1_0.link,
        l1_0.link_type 
    from
        socail_link l1_0 
    where
        l1_0.contact_id=?
Hibernate: 
    select
        oe1_0.user_id,
        oe1_0.id,
        oe1_0.email_content,
        oe1_0.created_at,
        oe1_0.email_from,
        oe1_0.user_name,
        oe1_0.picture,
        oe1_0.email_subject,
        oe1_0.email_to 
    from
        email oe1_0 
    where
        oe1_0.user_id=?
User(id=1, name=Satyam Sharma, email=satyamsharma061706@gmail.com, password=password, about=This account is created using google..., profilePicture=https://lh3.googleusercontent.com/a/ACg8ocKXh3f_faiF5RxeXtRS5n7iucjTmezGfR6dH1Ux9IMBWAxbUH4=s96-c, phoneNumber=6263037167, address=

bhopal, cloudinaryImagePublicId=null, enabled=true, emailVerified=true, phoneVerified=false, provider=GOOGLE, providerUserId=Satyam Sharma, contacts=[com.Linko.entities.Contact@83a1eeb, com.Linko.entities.Contact@13c79970], outboxEmails=[com.Linko.entities.Email@70f76261], roles=[ROLE_USER], emailToken=null)
Verified by Google
2026-05-03T15:58:28.932+05:30  INFO 16988 --- [Linko] [nio-8080-exec-2] c.L.controllers.RootControllerAdvice     : loggedin username: satyamsharma061706@gmail.com
Hibernate: 
    select
        u1_0.id,
        u1_0.about,
        u1_0.address,
        u1_0.cloudinary_image_public_id,
        u1_0.email,
        u1_0.email_token,
        u1_0.email_verified,
        u1_0.enabled,
        u1_0.user_name,
        u1_0.password,
        u1_0.phone_number,
        u1_0.phone_verified,
        u1_0.profile_picture,
        u1_0.provider,
        u1_0.provider_user_id 
    from
        users u1_0 
    where
        u1_0.email=?
Hibernate: 
    select
        r1_0.user_id,
        r1_0.roles 
    from
        user_roles r1_0 
    where
        r1_0.user_id=?
Hibernate: 
    select
        c1_0.user_id,
        c1_0.id,
        c1_0.address,
        c1_0.cloudinary_image_public_id,
        c1_0.description,
        c1_0.email,
        c1_0.favorite,
        c1_0.linked_in_link,
        c1_0.name,
        c1_0.phone_number,
        c1_0.picture,
        c1_0.website_link 
    from
        contact c1_0 
    where
        c1_0.user_id=?
Hibernate: 
    select
        l1_0.contact_id,
        l1_0.id,
        l1_0.link,
        l1_0.link_type 
    from
        socail_link l1_0 
    where
        l1_0.contact_id=?
Hibernate: 
    select
        l1_0.contact_id,
        l1_0.id,
        l1_0.link,
        l1_0.link_type 
    from
        socail_link l1_0 
    where
        l1_0.contact_id=?
Hibernate: 
    select
        oe1_0.user_id,
        oe1_0.id,
        oe1_0.email_content,
        oe1_0.created_at,
        oe1_0.email_from,
        oe1_0.user_name,
        oe1_0.picture,
        oe1_0.email_subject,
        oe1_0.email_to 
    from
        email oe1_0 
    where
        oe1_0.user_id=?
User(id=1, name=Satyam Sharma, email=satyamsharma061706@gmail.com, password=password, about=This account is created using google..., profilePicture=https://lh3.googleusercontent.com/a/ACg8ocKXh3f_faiF5RxeXtRS5n7iucjTmezGfR6dH1Ux9IMBWAxbUH4=s96-c, phoneNumber=6263037167, address=

bhopal, cloudinaryImagePublicId=null, enabled=true, emailVerified=true, phoneVerified=false, provider=GOOGLE, providerUserId=Satyam Sharma, contacts=[com.Linko.entities.Contact@4836f14e, com.Linko.entities.Contact@3bffd2bf], outboxEmails=[com.Linko.entities.Email@4842a68d], roles=[ROLE_USER], emailToken=null)
Verified by Google
Hibernate: 
    select
        u1_0.id,
        u1_0.about,
        u1_0.address,
        u1_0.cloudinary_image_public_id,
        u1_0.email,
        u1_0.email_token,
        u1_0.email_verified,
        u1_0.enabled,
        u1_0.user_name,
        u1_0.password,
        u1_0.phone_number,
        u1_0.phone_verified,
        u1_0.profile_picture,
        u1_0.provider,
        u1_0.provider_user_id 
    from
        users u1_0 
    where
        u1_0.email=?
Hibernate: 
    select
        c1_0.id,
        c1_0.address,
        c1_0.cloudinary_image_public_id,
        c1_0.description,
        c1_0.email,
        c1_0.favorite,
        c1_0.linked_in_link,
        c1_0.name,
        c1_0.phone_number,
        c1_0.picture,
        c1_0.user_id,
        c1_0.website_link 
    from
        contact c1_0 
    where
        c1_0.user_id=? 
    order by
        c1_0.name 
    limit
        ?
Hibernate: 
    select
        e1_0.id,
        e1_0.email_content,
        e1_0.created_at,
        e1_0.email_from,
        e1_0.user_name,
        e1_0.picture,
        e1_0.email_subject,
        e1_0.email_to,
        e1_0.user_id 
    from
        email e1_0 
    where
        e1_0.user_id=? 
    order by
        e1_0.user_name 
    limit
        ?
Verified by Google
2026-05-03T15:58:30.808+05:30  INFO 16988 --- [Linko] [nio-8080-exec-9] c.L.controllers.RootControllerAdvice     : loggedin username: satyamsharma061706@gmail.com
Hibernate: 
    select
        u1_0.id,
        u1_0.about,
        u1_0.address,
        u1_0.cloudinary_image_public_id,
        u1_0.email,
        u1_0.email_token,
        u1_0.email_verified,
        u1_0.enabled,
        u1_0.user_name,
        u1_0.password,
        u1_0.phone_number,
        u1_0.phone_verified,
        u1_0.profile_picture,
        u1_0.provider,
        u1_0.provider_user_id 
    from
        users u1_0 
    where
        u1_0.email=?
Hibernate: 
    select
        r1_0.user_id,
        r1_0.roles 
    from
        user_roles r1_0 
    where
        r1_0.user_id=?
Hibernate: 
    select
        c1_0.user_id,
        c1_0.id,
        c1_0.address,
        c1_0.cloudinary_image_public_id,
        c1_0.description,
        c1_0.email,
        c1_0.favorite,
        c1_0.linked_in_link,
        c1_0.name,
        c1_0.phone_number,
        c1_0.picture,
        c1_0.website_link 
    from
        contact c1_0 
    where
        c1_0.user_id=?
Hibernate: 
    select
        l1_0.contact_id,
        l1_0.id,
        l1_0.link,
        l1_0.link_type 
    from
        socail_link l1_0 
    where
        l1_0.contact_id=?
Hibernate: 
    select
        l1_0.contact_id,
        l1_0.id,
        l1_0.link,
        l1_0.link_type 
    from
        socail_link l1_0 
    where
        l1_0.contact_id=?
Hibernate: 
    select
        oe1_0.user_id,
        oe1_0.id,
        oe1_0.email_content,
        oe1_0.created_at,
        oe1_0.email_from,
        oe1_0.user_name,
        oe1_0.picture,
        oe1_0.email_subject,
        oe1_0.email_to 
    from
        email oe1_0 
    where
        oe1_0.user_id=?
User(id=1, name=Satyam Sharma, email=satyamsharma061706@gmail.com, password=password, about=This account is created using google..., profilePicture=https://lh3.googleusercontent.com/a/ACg8ocKXh3f_faiF5RxeXtRS5n7iucjTmezGfR6dH1Ux9IMBWAxbUH4=s96-c, phoneNumber=6263037167, address=

bhopal, cloudinaryImagePublicId=null, enabled=true, emailVerified=true, phoneVerified=false, provider=GOOGLE, providerUserId=Satyam Sharma, contacts=[com.Linko.entities.Contact@9481491, com.Linko.entities.Contact@25783b1c], outboxEmails=[com.Linko.entities.Email@65733e4], roles=[ROLE_USER], emailToken=null)
Verified by Google
Hibernate: 
    select
        u1_0.id,
        u1_0.about,
        u1_0.address,
        u1_0.cloudinary_image_public_id,
        u1_0.email,
        u1_0.email_token,
        u1_0.email_verified,
        u1_0.enabled,
        u1_0.user_name,
        u1_0.password,
        u1_0.phone_number,
        u1_0.phone_verified,
        u1_0.profile_picture,
        u1_0.provider,
        u1_0.provider_user_id 
    from
        users u1_0 
    where
        u1_0.email=?
Hibernate: 
    select
        c1_0.id,
        c1_0.address,
        c1_0.cloudinary_image_public_id,
        c1_0.description,
        c1_0.email,
        c1_0.favorite,
        c1_0.linked_in_link,
        c1_0.name,
        c1_0.phone_number,
        c1_0.picture,
        c1_0.user_id,
        c1_0.website_link 
    from
        contact c1_0 
    where
        c1_0.user_id=? 
    order by
        c1_0.name 
    limit
        ?
Verified by Google
2026-05-03T15:58:32.003+05:30  INFO 16988 --- [Linko] [io-8080-exec-10] c.L.controllers.RootControllerAdvice     : loggedin username: satyamsharma061706@gmail.com
Hibernate: 
    select
        u1_0.id,
        u1_0.about,
        u1_0.address,
        u1_0.cloudinary_image_public_id,
        u1_0.email,
        u1_0.email_token,
        u1_0.email_verified,
        u1_0.enabled,
        u1_0.user_name,
        u1_0.password,
        u1_0.phone_number,
        u1_0.phone_verified,
        u1_0.profile_picture,
        u1_0.provider,
        u1_0.provider_user_id 
    from
        users u1_0 
    where
        u1_0.email=?
Hibernate: 
    select
        r1_0.user_id,
        r1_0.roles 
    from
        user_roles r1_0 
    where
        r1_0.user_id=?
Hibernate: 
    select
        c1_0.user_id,
        c1_0.id,
        c1_0.address,
        c1_0.cloudinary_image_public_id,
        c1_0.description,
        c1_0.email,
        c1_0.favorite,
        c1_0.linked_in_link,
        c1_0.name,
        c1_0.phone_number,
        c1_0.picture,
        c1_0.website_link 
    from
        contact c1_0 
    where
        c1_0.user_id=?
Hibernate: 
    select
        l1_0.contact_id,
        l1_0.id,
        l1_0.link,
        l1_0.link_type 
    from
        socail_link l1_0 
    where
        l1_0.contact_id=?
Hibernate: 
    select
        l1_0.contact_id,
        l1_0.id,
        l1_0.link,
        l1_0.link_type 
    from
        socail_link l1_0 
    where
        l1_0.contact_id=?
Hibernate: 
    select
        oe1_0.user_id,
        oe1_0.id,
        oe1_0.email_content,
        oe1_0.created_at,
        oe1_0.email_from,
        oe1_0.user_name,
        oe1_0.picture,
        oe1_0.email_subject,
        oe1_0.email_to 
    from
        email oe1_0 
    where
        oe1_0.user_id=?
User(id=1, name=Satyam Sharma, email=satyamsharma061706@gmail.com, password=password, about=This account is created using google..., profilePicture=https://lh3.googleusercontent.com/a/ACg8ocKXh3f_faiF5RxeXtRS5n7iucjTmezGfR6dH1Ux9IMBWAxbUH4=s96-c, phoneNumber=6263037167, address=

bhopal, cloudinaryImagePublicId=null, enabled=true, emailVerified=true, phoneVerified=false, provider=GOOGLE, providerUserId=Satyam Sharma, contacts=[com.Linko.entities.Contact@46b307cd, com.Linko.entities.Contact@37b99d7c], outboxEmails=[com.Linko.entities.Email@4e0f80f9], roles=[ROLE_USER], emailToken=null)
Verified by Google
Hibernate: 
    select
        u1_0.id,
        u1_0.about,
        u1_0.address,
        u1_0.cloudinary_image_public_id,
        u1_0.email,
        u1_0.email_token,
        u1_0.email_verified,
        u1_0.enabled,
        u1_0.user_name,
        u1_0.password,
        u1_0.phone_number,
        u1_0.phone_verified,
        u1_0.profile_picture,
        u1_0.provider,
        u1_0.provider_user_id 
    from
        users u1_0 
    where
        u1_0.email=?
Hibernate: 
    select
        c1_0.id,
        c1_0.address,
        c1_0.cloudinary_image_public_id,
        c1_0.description,
        c1_0.email,
        c1_0.favorite,
        c1_0.linked_in_link,
        c1_0.name,
        c1_0.phone_number,
        c1_0.picture,
        c1_0.user_id,
        c1_0.website_link 
    from
        contact c1_0 
    where
        c1_0.user_id=? 
    order by
        c1_0.name 
    limit
        ?
Verified by Google
2026-05-03T15:58:33.439+05:30  INFO 16988 --- [Linko] [nio-8080-exec-9] c.L.controllers.RootControllerAdvice     : loggedin username: satyamsharma061706@gmail.com
Hibernate: 
    select
        u1_0.id,
        u1_0.about,
        u1_0.address,
        u1_0.cloudinary_image_public_id,
        u1_0.email,
        u1_0.email_token,
        u1_0.email_verified,
        u1_0.enabled,
        u1_0.user_name,
        u1_0.password,
        u1_0.phone_number,
        u1_0.phone_verified,
        u1_0.profile_picture,
        u1_0.provider,
        u1_0.provider_user_id 
    from
        users u1_0 
    where
        u1_0.email=?
Hibernate: 
    select
        r1_0.user_id,
        r1_0.roles 
    from
        user_roles r1_0 
    where
        r1_0.user_id=?
Hibernate: 
    select
        c1_0.user_id,
        c1_0.id,
        c1_0.address,
        c1_0.cloudinary_image_public_id,
        c1_0.description,
        c1_0.email,
        c1_0.favorite,
        c1_0.linked_in_link,
        c1_0.name,
        c1_0.phone_number,
        c1_0.picture,
        c1_0.website_link 
    from
        contact c1_0 
    where
        c1_0.user_id=?
Hibernate: 
    select
        l1_0.contact_id,
        l1_0.id,
        l1_0.link,
        l1_0.link_type 
    from
        socail_link l1_0 
    where
        l1_0.contact_id=?
Hibernate: 
    select
        l1_0.contact_id,
        l1_0.id,
        l1_0.link,
        l1_0.link_type 
    from
        socail_link l1_0 
    where
        l1_0.contact_id=?
Hibernate: 
    select
        oe1_0.user_id,
        oe1_0.id,
        oe1_0.email_content,
        oe1_0.created_at,
        oe1_0.email_from,
        oe1_0.user_name,
        oe1_0.picture,
        oe1_0.email_subject,
        oe1_0.email_to 
    from
        email oe1_0 
    where
        oe1_0.user_id=?
User(id=1, name=Satyam Sharma, email=satyamsharma061706@gmail.com, password=password, about=This account is created using google..., profilePicture=https://lh3.googleusercontent.com/a/ACg8ocKXh3f_faiF5RxeXtRS5n7iucjTmezGfR6dH1Ux9IMBWAxbUH4=s96-c, phoneNumber=6263037167, address=

bhopal, cloudinaryImagePublicId=null, enabled=true, emailVerified=true, phoneVerified=false, provider=GOOGLE, providerUserId=Satyam Sharma, contacts=[com.Linko.entities.Contact@153e4a67, com.Linko.entities.Contact@5a76fe0c], outboxEmails=[com.Linko.entities.Email@14708a22], roles=[ROLE_USER], emailToken=null)
Verified by Google
2026-05-03T15:58:34.452+05:30  INFO 16988 --- [Linko] [nio-8080-exec-1] c.L.controllers.RootControllerAdvice     : loggedin username: satyamsharma061706@gmail.com
Hibernate: 
    select
        u1_0.id,
        u1_0.about,
        u1_0.address,
        u1_0.cloudinary_image_public_id,
        u1_0.email,
        u1_0.email_token,
        u1_0.email_verified,
        u1_0.enabled,
        u1_0.user_name,
        u1_0.password,
        u1_0.phone_number,
        u1_0.phone_verified,
        u1_0.profile_picture,
        u1_0.provider,
        u1_0.provider_user_id 
    from
        users u1_0 
    where
        u1_0.email=?
Hibernate: 
    select
        r1_0.user_id,
        r1_0.roles 
    from
        user_roles r1_0 
    where
        r1_0.user_id=?
Hibernate: 
    select
        c1_0.user_id,
        c1_0.id,
        c1_0.address,
        c1_0.cloudinary_image_public_id,
        c1_0.description,
        c1_0.email,
        c1_0.favorite,
        c1_0.linked_in_link,
        c1_0.name,
        c1_0.phone_number,
        c1_0.picture,
        c1_0.website_link 
    from
        contact c1_0 
    where
        c1_0.user_id=?
Hibernate: 
    select
        l1_0.contact_id,
        l1_0.id,
        l1_0.link,
        l1_0.link_type 
    from
        socail_link l1_0 
    where
        l1_0.contact_id=?
Hibernate: 
    select
        l1_0.contact_id,
        l1_0.id,
        l1_0.link,
        l1_0.link_type 
    from
        socail_link l1_0 
    where
        l1_0.contact_id=?
Hibernate: 
    select
        oe1_0.user_id,
        oe1_0.id,
        oe1_0.email_content,
        oe1_0.created_at,
        oe1_0.email_from,
        oe1_0.user_name,
        oe1_0.picture,
        oe1_0.email_subject,
        oe1_0.email_to 
    from
        email oe1_0 
    where
        oe1_0.user_id=?
User(id=1, name=Satyam Sharma, email=satyamsharma061706@gmail.com, password=password, about=This account is created using google..., profilePicture=https://lh3.googleusercontent.com/a/ACg8ocKXh3f_faiF5RxeXtRS5n7iucjTmezGfR6dH1Ux9IMBWAxbUH4=s96-c, phoneNumber=6263037167, address=

bhopal, cloudinaryImagePublicId=null, enabled=true, emailVerified=true, phoneVerified=false, provider=GOOGLE, providerUserId=Satyam Sharma, contacts=[com.Linko.entities.Contact@6755ae10, com.Linko.entities.Contact@52ae9b8b], outboxEmails=[com.Linko.entities.Email@1a4dc162], roles=[ROLE_USER], emailToken=null)
